--------------------------------------------------------------------------------
Release 14.4 Trace  (nt64)
Copyright (c) 1995-2012 Xilinx, Inc.  All rights reserved.

D:\programma's\xilinx\14.4\ISE_DS\ISE\bin\nt64\unwrapped\trce.exe -intstyle ise
-v 3 -s 3 -n 3 -fastpaths -xml clock.twx clock.ncd -o clock.twr clock.pcf -ucf
BCD7segmDec_UCF.ucf

Design file:              clock.ncd
Physical constraint file: clock.pcf
Device,package,speed:     xc6slx16,csg324,C,-3 (PRODUCTION 1.23 2012-12-04)
Report level:             verbose report

Environment Variable      Effect 
--------------------      ------ 
NONE                      No environment variables were set
--------------------------------------------------------------------------------

INFO:Timing:2698 - No timing constraints found, doing default enumeration.
INFO:Timing:3412 - To improve timing, see the Timing Closure User Guide (UG612).
INFO:Timing:2752 - To get complete path coverage, use the unconstrained paths 
   option. All paths that are not constrained will be reported in the 
   unconstrained paths section(s) of the report.
INFO:Timing:3339 - The clock-to-out numbers in this timing report are based on 
   a 50 Ohm transmission line loading model.  For the details of this model, 
   and for more information on accounting for different loading conditions, 
   please see the device datasheet.



Data Sheet report:
-----------------
All values displayed in nanoseconds (ns)

Setup/Hold to clock sysclk
------------+------------+------------+------------+------------+------------------+--------+
            |Max Setup to|  Process   |Max Hold to |  Process   |                  | Clock  |
Source      | clk (edge) |   Corner   | clk (edge) |   Corner   |Internal Clock(s) | Phase  |
------------+------------+------------+------------+------------+------------------+--------+
btn_c       |    1.204(R)|      SLOW  |   -0.673(R)|      SLOW  |sysclk_BUFGP      |   0.000|
btn_d       |    1.059(R)|      FAST  |   -0.539(R)|      SLOW  |sysclk_BUFGP      |   0.000|
btn_l       |    1.469(R)|      SLOW  |   -0.914(R)|      FAST  |sysclk_BUFGP      |   0.000|
btn_r       |    1.141(R)|      SLOW  |   -0.620(R)|      SLOW  |sysclk_BUFGP      |   0.000|
btn_u       |    0.983(R)|      FAST  |   -0.463(R)|      SLOW  |sysclk_BUFGP      |   0.000|
reset       |    8.587(R)|      SLOW  |   -0.459(R)|      SLOW  |sysclk_BUFGP      |   0.000|
------------+------------+------------+------------+------------+------------------+--------+

Clock sysclk to Pad
-----------------+-----------------+------------+-----------------+------------+------------------+--------+
                 |Max (slowest) clk|  Process   |Min (fastest) clk|  Process   |                  | Clock  |
Destination      |  (edge) to PAD  |   Corner   |  (edge) to PAD  |   Corner   |Internal Clock(s) | Phase  |
-----------------+-----------------+------------+-----------------+------------+------------------+--------+
an<0>            |        12.159(R)|      SLOW  |         4.496(R)|      FAST  |sysclk_BUFGP      |   0.000|
an<1>            |        12.048(R)|      SLOW  |         4.418(R)|      FAST  |sysclk_BUFGP      |   0.000|
an<2>            |        11.875(R)|      SLOW  |         4.470(R)|      FAST  |sysclk_BUFGP      |   0.000|
an<3>            |        12.103(R)|      SLOW  |         4.611(R)|      FAST  |sysclk_BUFGP      |   0.000|
cath<0>          |        15.962(R)|      SLOW  |         4.806(R)|      FAST  |sysclk_BUFGP      |   0.000|
                 |        12.945(F)|      SLOW  |         5.334(F)|      FAST  |sysclk_BUFGP      |   0.000|
cath<1>          |        15.881(R)|      SLOW  |         4.763(R)|      FAST  |sysclk_BUFGP      |   0.000|
                 |        12.864(F)|      SLOW  |         5.291(F)|      FAST  |sysclk_BUFGP      |   0.000|
cath<2>          |        16.285(R)|      SLOW  |         5.068(R)|      FAST  |sysclk_BUFGP      |   0.000|
                 |        13.268(F)|      SLOW  |         5.411(F)|      FAST  |sysclk_BUFGP      |   0.000|
cath<3>          |        16.246(R)|      SLOW  |         5.237(R)|      FAST  |sysclk_BUFGP      |   0.000|
                 |        13.229(F)|      SLOW  |         5.531(F)|      FAST  |sysclk_BUFGP      |   0.000|
cath<4>          |        16.022(R)|      SLOW  |         4.905(R)|      FAST  |sysclk_BUFGP      |   0.000|
                 |        13.005(F)|      SLOW  |         5.248(F)|      FAST  |sysclk_BUFGP      |   0.000|
cath<5>          |        16.074(R)|      SLOW  |         4.797(R)|      FAST  |sysclk_BUFGP      |   0.000|
                 |        13.057(F)|      SLOW  |         5.361(F)|      FAST  |sysclk_BUFGP      |   0.000|
cath<6>          |        16.103(R)|      SLOW  |         5.060(R)|      FAST  |sysclk_BUFGP      |   0.000|
                 |        13.086(F)|      SLOW  |         5.354(F)|      FAST  |sysclk_BUFGP      |   0.000|
led_alarm_buzzing|         8.191(R)|      SLOW  |         4.347(R)|      FAST  |sysclk_BUFGP      |   0.000|
led_alarm_on     |         7.278(R)|      SLOW  |         3.794(R)|      FAST  |sysclk_BUFGP      |   0.000|
sel_out<0>       |         9.183(R)|      SLOW  |         5.031(R)|      FAST  |sysclk_BUFGP      |   0.000|
sel_out<1>       |         9.144(R)|      SLOW  |         4.979(R)|      FAST  |sysclk_BUFGP      |   0.000|
sel_out<2>       |         9.554(R)|      SLOW  |         5.247(R)|      FAST  |sysclk_BUFGP      |   0.000|
-----------------+-----------------+------------+-----------------+------------+------------------+--------+

Clock to Setup on destination clock sysclk
---------------+---------+---------+---------+---------+
               | Src:Rise| Src:Fall| Src:Rise| Src:Fall|
Source Clock   |Dest:Rise|Dest:Rise|Dest:Fall|Dest:Fall|
---------------+---------+---------+---------+---------+
sysclk         |    7.356|         |    2.090|         |
---------------+---------+---------+---------+---------+


Analysis completed Fri Dec 16 12:01:58 2016 
--------------------------------------------------------------------------------

Trace Settings:
-------------------------
Trace Settings 

Peak Memory Usage: 244 MB



